PrismaClientValidationError: 
Invalid `this.prisma.clinicalEvolution.findMany()` invocation in
C:\Users\X\Documents\GitHub\DENTALSUITE\Dentalink\apps\api\dist\modules\clinical\clinical.service.js:106:56

  103 async listEvolutions(actor, patientId, query) {
  104     try {
  105         await this.ensurePatient(actor, patientId);
→ 106         return await this.prisma.clinicalEvolution.findMany({
                where: {
                  patientId: "cmr3tdctm03gl1wusokbfrbz9",
                  addendumOfId: null,
                  annulledAt: null
                },
                include: {
                  professional: true,
                  appointment: true,
                  signedBy: {
                    select: {
                      id: true,
                      firstName: true,
                      lastName: true
                    }
                  },
                  addenda: {
                    orderBy: {
                      createdAt: "asc"
                    }
                  },
                  createdBy: {
                    select: {
                      id: true,
                      firstName: true,
                      lastName: true
                    }
                  },
                  branch: {
                    select: {
                      id: true,
                      name: true
                    }
                  },
                  fields: {
                    orderBy: {
                      sortOrder: "asc"
                    }
                  },
                  materials: {
                    include: {
                      inventoryItem: true
                    }
                  },
                  annulledBy: {
                    select: {
                      id: true,
                      firstName: true,
                      lastName: true
                    }
                  },
                  treatmentPlanItem: {
                    include: {
                      procedure: {
                        select: {
                          id: true,
                          code: true,
                          name: true
                        }
                      },
                      treatmentPlan: {
                        select: {
                          id: true,
                          name: true,
                          displayId: true,
                          ~~~~~~~~~
              ?           organizationId?: true,
              ?           branchId?: true,
              ?           patientId?: true,
              ?           professionalId?: true,
              ?           kind?: true,
              ?           specialtyId?: true,
              ?           specialtySnapshotName?: true,
              ?           description?: true,
              ?           status?: true,
              ?           isAlternative?: true,
              ?           parentTreatmentPlanId?: true,
              ?           acceptedAt?: true,
              ?           completedAt?: true,
              ?           createdAt?: true,
              ?           updatedAt?: true,
              ?           organization?: true,
              ?           branch?: true,
              ?           patient?: true,
              ?           professional?: true,
              ?           specialty?: true,
              ?           parentTreatmentPlan?: true,
              ?           alternativePlans?: true,
              ?           sections?: true,
              ?           items?: true,
              ?           alternativesAsParent?: true,
              ?           alternativesAsOption?: true,
              ?           appointments?: true,
              ?           budgets?: true,
              ?           paymentLinks?: true,
              ?           installmentPlans?: true,
              ?           collectionCases?: true,
              ?           consents?: true,
              ?           labOrders?: true,
              ?           prescriptions?: true,
              ?           clinicalEvolutions?: true,
              ?           orthodonticProfile?: true,
              ?           fileAttachments?: true,
              ?           pauses?: true,
              ?           referrals?: true,
              ?           payrollDiscounts?: true,
              ?           inventoryMovements?: true,
              ?           _count?: true
                        }
                      }
                    }
                  }
                },
                orderBy: {
                  createdAt: "desc"
                }
              })

Unknown field `displayId` for select statement on model `TreatmentPlan`. Available options are marked with ?.
    at throwValidationException (C:\Users\X\Documents\GitHub\DENTALSUITE\Dentalink\node_modules\@prisma\client\src\runtime\core\errorRendering\throwValidationException.ts:46:9)
    at zr.handleRequestError (C:\Users\X\Documents\GitHub\DENTALSUITE\Dentalink\node_modules\@prisma\client\src\runtime\RequestHandler.ts:211:7)
    at zr.handleAndLogRequestError (C:\Users\X\Documents\GitHub\DENTALSUITE\Dentalink\node_modules\@prisma\client\src\runtime\RequestHandler.ts:183:12)
    at zr.request (C:\Users\X\Documents\GitHub\DENTALSUITE\Dentalink\node_modules\@prisma\client\src\runtime\RequestHandler.ts:152:12)
    at process.processTicksAndRejections (node:internal/process/task_queues:103:5)
    at async a (C:\Users\X\Documents\GitHub\DENTALSUITE\Dentalink\node_modules\@prisma\client\src\runtime\getPrismaClient.ts:963:24)
    at async ClinicalService.listEvolutions (C:\Users\X\Documents\GitHub\DENTALSUITE\Dentalink\apps\api\dist\modules\clinical\clinical.service.js:106:20)\nPrismaClientValidationError: 
Invalid `this.prisma.clinicalEvolution.findMany()` invocation in
C:\Users\X\Documents\GitHub\DENTALSUITE\Dentalink\apps\api\dist\modules\clinical\clinical.service.js:106:56

  103 async listEvolutions(actor, patientId, query) {
  104     try {
  105         await this.ensurePatient(actor, patientId);
→ 106         return await this.prisma.clinicalEvolution.findMany({
                where: {
                  patientId: "cmr3tdctm03gl1wusokbfrbz9",
                  addendumOfId: null,
                  annulledAt: null
                },
                include: {
                  professional: true,
                  appointment: true,
                  signedBy: {
                    select: {
                      id: true,
                      firstName: true,
                      lastName: true
                    }
                  },
                  addenda: {
                    orderBy: {
                      createdAt: "asc"
                    }
                  },
                  createdBy: {
                    select: {
                      id: true,
                      firstName: true,
                      lastName: true
                    }
                  },
                  branch: {
                    select: {
                      id: true,
                      name: true
                    }
                  },
                  fields: {
                    orderBy: {
                      sortOrder: "asc"
                    }
                  },
                  materials: {
                    include: {
                      inventoryItem: true
                    }
                  },
                  annulledBy: {
                    select: {
                      id: true,
                      firstName: true,
                      lastName: true
                    }
                  },
                  treatmentPlanItem: {
                    include: {
                      procedure: {
                        select: {
                          id: true,
                          code: true,
                          name: true
                        }
                      },
                      treatmentPlan: {
                        select: {
                          id: true,
                          name: true,
                          displayId: true,
                          ~~~~~~~~~
              ?           organizationId?: true,
              ?           branchId?: true,
              ?           patientId?: true,
              ?           professionalId?: true,
              ?           kind?: true,
              ?           specialtyId?: true,
              ?           specialtySnapshotName?: true,
              ?           description?: true,
              ?           status?: true,
              ?           isAlternative?: true,
              ?           parentTreatmentPlanId?: true,
              ?           acceptedAt?: true,
              ?           completedAt?: true,
              ?           createdAt?: true,
              ?           updatedAt?: true,
              ?           organization?: true,
              ?           branch?: true,
              ?           patient?: true,
              ?           professional?: true,
              ?           specialty?: true,
              ?           parentTreatmentPlan?: true,
              ?           alternativePlans?: true,
              ?           sections?: true,
              ?           items?: true,
              ?           alternativesAsParent?: true,
              ?           alternativesAsOption?: true,
              ?           appointments?: true,
              ?           budgets?: true,
              ?           paymentLinks?: true,
              ?           installmentPlans?: true,
              ?           collectionCases?: true,
              ?           consents?: true,
              ?           labOrders?: true,
              ?           prescriptions?: true,
              ?           clinicalEvolutions?: true,
              ?           orthodonticProfile?: true,
              ?           fileAttachments?: true,
              ?           pauses?: true,
              ?           referrals?: true,
              ?           payrollDiscounts?: true,
              ?           inventoryMovements?: true,
              ?           _count?: true
                        }
                      }
                    }
                  }
                },
                orderBy: {
                  createdAt: "desc"
                }
              })

Unknown field `displayId` for select statement on model `TreatmentPlan`. Available options are marked with ?.
    at throwValidationException (C:\Users\X\Documents\GitHub\DENTALSUITE\Dentalink\node_modules\@prisma\client\src\runtime\core\errorRendering\throwValidationException.ts:46:9)
    at zr.handleRequestError (C:\Users\X\Documents\GitHub\DENTALSUITE\Dentalink\node_modules\@prisma\client\src\runtime\RequestHandler.ts:211:7)
    at zr.handleAndLogRequestError (C:\Users\X\Documents\GitHub\DENTALSUITE\Dentalink\node_modules\@prisma\client\src\runtime\RequestHandler.ts:183:12)
    at zr.request (C:\Users\X\Documents\GitHub\DENTALSUITE\Dentalink\node_modules\@prisma\client\src\runtime\RequestHandler.ts:152:12)
    at process.processTicksAndRejections (node:internal/process/task_queues:103:5)
    at async a (C:\Users\X\Documents\GitHub\DENTALSUITE\Dentalink\node_modules\@prisma\client\src\runtime\getPrismaClient.ts:963:24)
    at async ClinicalService.listEvolutions (C:\Users\X\Documents\GitHub\DENTALSUITE\Dentalink\apps\api\dist\modules\clinical\clinical.service.js:106:20)\n